Analysis & Synthesis report for DES_ALGORITHM
Thu Dec 04 15:35:50 2025
Quartus II 64-Bit Version 13.0.1 Build 232 06/12/2013 Service Pack 1 SJ Web Edition


---------------------
; Table of Contents ;
---------------------
  1. Legal Notice
  2. Analysis & Synthesis Summary
  3. Analysis & Synthesis Settings
  4. Parallel Compilation
  5. Analysis & Synthesis Source Files Read
  6. Analysis & Synthesis Resource Usage Summary
  7. Analysis & Synthesis Resource Utilization by Entity
  8. User-Specified and Inferred Latches
  9. Registers Removed During Synthesis
 10. General Register Statistics
 11. Multiplexer Restructuring Statistics (Restructuring Performed)
 12. Port Connectivity Checks: "IP_1:ip_1"
 13. Port Connectivity Checks: "ROUND_KEY:key|STATE_MACHINE:STATE"
 14. Port Connectivity Checks: "ROUND_KEY:key"
 15. Port Connectivity Checks: "STATE_MACHINE:state_machine"
 16. Elapsed Time Per Partition
 17. Analysis & Synthesis Messages



----------------
; Legal Notice ;
----------------
Copyright (C) 1991-2013 Altera Corporation
Your use of Altera Corporation's design tools, logic functions 
and other software and tools, and its AMPP partner logic 
functions, and any output files from any of the foregoing 
(including device programming or simulation files), and any 
associated documentation or information are expressly subject 
to the terms and conditions of the Altera Program License 
Subscription Agreement, Altera MegaCore Function License 
Agreement, or other applicable license agreement, including, 
without limitation, that your use is for the sole purpose of 
programming logic devices manufactured by Altera and sold by 
Altera or its authorized distributors.  Please refer to the 
applicable agreement for further details.



+--------------------------------------------------------------------------------------+
; Analysis & Synthesis Summary                                                         ;
+------------------------------------+-------------------------------------------------+
; Analysis & Synthesis Status        ; Successful - Thu Dec 04 15:35:50 2025           ;
; Quartus II 64-Bit Version          ; 13.0.1 Build 232 06/12/2013 SP 1 SJ Web Edition ;
; Revision Name                      ; DES_ALGORITHM                                   ;
; Top-level Entity Name              ; DES_ALGORITHM                                   ;
; Family                             ; Cyclone II                                      ;
; Total logic elements               ; 652                                             ;
;     Total combinational functions  ; 532                                             ;
;     Dedicated logic registers      ; 253                                             ;
; Total registers                    ; 253                                             ;
; Total pins                         ; 270                                             ;
; Total virtual pins                 ; 0                                               ;
; Total memory bits                  ; 0                                               ;
; Embedded Multiplier 9-bit elements ; 0                                               ;
; Total PLLs                         ; 0                                               ;
+------------------------------------+-------------------------------------------------+


+----------------------------------------------------------------------------------------------------------------------+
; Analysis & Synthesis Settings                                                                                        ;
+----------------------------------------------------------------------------+--------------------+--------------------+
; Option                                                                     ; Setting            ; Default Value      ;
+----------------------------------------------------------------------------+--------------------+--------------------+
; Device                                                                     ; EP2C35F672C6       ;                    ;
; Top-level entity name                                                      ; DES_ALGORITHM      ; DES_ALGORITHM      ;
; Family name                                                                ; Cyclone II         ; Cyclone IV GX      ;
; Use smart compilation                                                      ; Off                ; Off                ;
; Enable parallel Assembler and TimeQuest Timing Analyzer during compilation ; On                 ; On                 ;
; Enable compact report table                                                ; Off                ; Off                ;
; Restructure Multiplexers                                                   ; Auto               ; Auto               ;
; Create Debugging Nodes for IP Cores                                        ; Off                ; Off                ;
; Preserve fewer node names                                                  ; On                 ; On                 ;
; Disable OpenCore Plus hardware evaluation                                  ; Off                ; Off                ;
; Verilog Version                                                            ; Verilog_2001       ; Verilog_2001       ;
; VHDL Version                                                               ; VHDL_1993          ; VHDL_1993          ;
; State Machine Processing                                                   ; Auto               ; Auto               ;
; Safe State Machine                                                         ; Off                ; Off                ;
; Extract Verilog State Machines                                             ; On                 ; On                 ;
; Extract VHDL State Machines                                                ; On                 ; On                 ;
; Ignore Verilog initial constructs                                          ; Off                ; Off                ;
; Iteration limit for constant Verilog loops                                 ; 5000               ; 5000               ;
; Iteration limit for non-constant Verilog loops                             ; 250                ; 250                ;
; Add Pass-Through Logic to Inferred RAMs                                    ; On                 ; On                 ;
; Infer RAMs from Raw Logic                                                  ; On                 ; On                 ;
; Parallel Synthesis                                                         ; On                 ; On                 ;
; DSP Block Balancing                                                        ; Auto               ; Auto               ;
; NOT Gate Push-Back                                                         ; On                 ; On                 ;
; Power-Up Don't Care                                                        ; On                 ; On                 ;
; Remove Redundant Logic Cells                                               ; Off                ; Off                ;
; Remove Duplicate Registers                                                 ; On                 ; On                 ;
; Ignore CARRY Buffers                                                       ; Off                ; Off                ;
; Ignore CASCADE Buffers                                                     ; Off                ; Off                ;
; Ignore GLOBAL Buffers                                                      ; Off                ; Off                ;
; Ignore ROW GLOBAL Buffers                                                  ; Off                ; Off                ;
; Ignore LCELL Buffers                                                       ; Off                ; Off                ;
; Ignore SOFT Buffers                                                        ; On                 ; On                 ;
; Limit AHDL Integers to 32 Bits                                             ; Off                ; Off                ;
; Optimization Technique                                                     ; Balanced           ; Balanced           ;
; Carry Chain Length                                                         ; 70                 ; 70                 ;
; Auto Carry Chains                                                          ; On                 ; On                 ;
; Auto Open-Drain Pins                                                       ; On                 ; On                 ;
; Perform WYSIWYG Primitive Resynthesis                                      ; Off                ; Off                ;
; Auto ROM Replacement                                                       ; On                 ; On                 ;
; Auto RAM Replacement                                                       ; On                 ; On                 ;
; Auto Shift Register Replacement                                            ; Auto               ; Auto               ;
; Allow Shift Register Merging across Hierarchies                            ; Auto               ; Auto               ;
; Auto Clock Enable Replacement                                              ; On                 ; On                 ;
; Strict RAM Replacement                                                     ; Off                ; Off                ;
; Allow Synchronous Control Signals                                          ; On                 ; On                 ;
; Force Use of Synchronous Clear Signals                                     ; Off                ; Off                ;
; Auto RAM to Logic Cell Conversion                                          ; Off                ; Off                ;
; Auto Resource Sharing                                                      ; Off                ; Off                ;
; Allow Any RAM Size For Recognition                                         ; Off                ; Off                ;
; Allow Any ROM Size For Recognition                                         ; Off                ; Off                ;
; Allow Any Shift Register Size For Recognition                              ; Off                ; Off                ;
; Use LogicLock Constraints during Resource Balancing                        ; On                 ; On                 ;
; Ignore translate_off and synthesis_off directives                          ; Off                ; Off                ;
; Timing-Driven Synthesis                                                    ; Off                ; Off                ;
; Report Parameter Settings                                                  ; On                 ; On                 ;
; Report Source Assignments                                                  ; On                 ; On                 ;
; Report Connectivity Checks                                                 ; On                 ; On                 ;
; Ignore Maximum Fan-Out Assignments                                         ; Off                ; Off                ;
; Synchronization Register Chain Length                                      ; 2                  ; 2                  ;
; PowerPlay Power Optimization                                               ; Normal compilation ; Normal compilation ;
; HDL message level                                                          ; Level2             ; Level2             ;
; Suppress Register Optimization Related Messages                            ; Off                ; Off                ;
; Number of Removed Registers Reported in Synthesis Report                   ; 5000               ; 5000               ;
; Number of Swept Nodes Reported in Synthesis Report                         ; 5000               ; 5000               ;
; Number of Inverted Registers Reported in Synthesis Report                  ; 100                ; 100                ;
; Clock MUX Protection                                                       ; On                 ; On                 ;
; Auto Gated Clock Conversion                                                ; Off                ; Off                ;
; Block Design Naming                                                        ; Auto               ; Auto               ;
; SDC constraint protection                                                  ; Off                ; Off                ;
; Synthesis Effort                                                           ; Auto               ; Auto               ;
; Shift Register Replacement - Allow Asynchronous Clear Signal               ; On                 ; On                 ;
; Pre-Mapping Resynthesis Optimization                                       ; Off                ; Off                ;
; Analysis & Synthesis Message Level                                         ; Medium             ; Medium             ;
; Disable Register Merging Across Hierarchies                                ; Auto               ; Auto               ;
; Resource Aware Inference For Block RAM                                     ; On                 ; On                 ;
; Synthesis Seed                                                             ; 1                  ; 1                  ;
+----------------------------------------------------------------------------+--------------------+--------------------+


Parallel compilation was disabled, but you have multiple processors available. Enable parallel compilation to reduce compilation time.
+-------------------------------------+
; Parallel Compilation                ;
+----------------------------+--------+
; Processors                 ; Number ;
+----------------------------+--------+
; Number detected on machine ; 16     ;
; Maximum allowed            ; 1      ;
+----------------------------+--------+


+-----------------------------------------------------------------------------------------------------------------------------------------------------------+
; Analysis & Synthesis Source Files Read                                                                                                                    ;
+----------------------------------+-----------------+------------------------+-------------------------------------------------------------------+---------+
; File Name with User-Entered Path ; Used in Netlist ; File Type              ; File Name with Absolute Path                                      ; Library ;
+----------------------------------+-----------------+------------------------+-------------------------------------------------------------------+---------+
; XOR_FUNCTION.v                   ; yes             ; User Verilog HDL File  ; E:/HE_THONG_SO_HDL/DO_AN/DES_ALGORITHM_64_QUATUS/XOR_FUNCTION.v   ;         ;
; S_BOX.v                          ; yes             ; User Verilog HDL File  ; E:/HE_THONG_SO_HDL/DO_AN/DES_ALGORITHM_64_QUATUS/S_BOX.v          ;         ;
; STATE_MACHINE.v                  ; yes             ; User Verilog HDL File  ; E:/HE_THONG_SO_HDL/DO_AN/DES_ALGORITHM_64_QUATUS/STATE_MACHINE.v  ;         ;
; SHIFT_LEFT_2.v                   ; yes             ; User Verilog HDL File  ; E:/HE_THONG_SO_HDL/DO_AN/DES_ALGORITHM_64_QUATUS/SHIFT_LEFT_2.v   ;         ;
; SHIFT_LEFT_1.v                   ; yes             ; User Verilog HDL File  ; E:/HE_THONG_SO_HDL/DO_AN/DES_ALGORITHM_64_QUATUS/SHIFT_LEFT_1.v   ;         ;
; ROUND_KEY.v                      ; yes             ; User Verilog HDL File  ; E:/HE_THONG_SO_HDL/DO_AN/DES_ALGORITHM_64_QUATUS/ROUND_KEY.v      ;         ;
; REGISTER_TOP.v                   ; yes             ; User Verilog HDL File  ; E:/HE_THONG_SO_HDL/DO_AN/DES_ALGORITHM_64_QUATUS/REGISTER_TOP.v   ;         ;
; REGISTER_C0_D0.v                 ; yes             ; User Verilog HDL File  ; E:/HE_THONG_SO_HDL/DO_AN/DES_ALGORITHM_64_QUATUS/REGISTER_C0_D0.v ;         ;
; P_MATRIX.v                       ; yes             ; User Verilog HDL File  ; E:/HE_THONG_SO_HDL/DO_AN/DES_ALGORITHM_64_QUATUS/P_MATRIX.v       ;         ;
; PC_2.v                           ; yes             ; User Verilog HDL File  ; E:/HE_THONG_SO_HDL/DO_AN/DES_ALGORITHM_64_QUATUS/PC_2.v           ;         ;
; PC_1.v                           ; yes             ; User Verilog HDL File  ; E:/HE_THONG_SO_HDL/DO_AN/DES_ALGORITHM_64_QUATUS/PC_1.v           ;         ;
; MUX2_1_TOP.v                     ; yes             ; User Verilog HDL File  ; E:/HE_THONG_SO_HDL/DO_AN/DES_ALGORITHM_64_QUATUS/MUX2_1_TOP.v     ;         ;
; MUX2_1.v                         ; yes             ; User Verilog HDL File  ; E:/HE_THONG_SO_HDL/DO_AN/DES_ALGORITHM_64_QUATUS/MUX2_1.v         ;         ;
; IP_1.v                           ; yes             ; User Verilog HDL File  ; E:/HE_THONG_SO_HDL/DO_AN/DES_ALGORITHM_64_QUATUS/IP_1.v           ;         ;
; IP.v                             ; yes             ; User Verilog HDL File  ; E:/HE_THONG_SO_HDL/DO_AN/DES_ALGORITHM_64_QUATUS/IP.v             ;         ;
; F_FUNCTION.v                     ; yes             ; User Verilog HDL File  ; E:/HE_THONG_SO_HDL/DO_AN/DES_ALGORITHM_64_QUATUS/F_FUNCTION.v     ;         ;
; E_XOR_KEY.v                      ; yes             ; User Verilog HDL File  ; E:/HE_THONG_SO_HDL/DO_AN/DES_ALGORITHM_64_QUATUS/E_XOR_KEY.v      ;         ;
; E_MATRIX.v                       ; yes             ; User Verilog HDL File  ; E:/HE_THONG_SO_HDL/DO_AN/DES_ALGORITHM_64_QUATUS/E_MATRIX.v       ;         ;
; DES_ALGORITHM.v                  ; yes             ; User Verilog HDL File  ; E:/HE_THONG_SO_HDL/DO_AN/DES_ALGORITHM_64_QUATUS/DES_ALGORITHM.v  ;         ;
+----------------------------------+-----------------+------------------------+-------------------------------------------------------------------+---------+


+-----------------------------------------------------+
; Analysis & Synthesis Resource Usage Summary         ;
+---------------------------------------------+-------+
; Resource                                    ; Usage ;
+---------------------------------------------+-------+
; Estimated Total logic elements              ; 652   ;
;                                             ;       ;
; Total combinational functions               ; 532   ;
; Logic element usage by number of LUT inputs ;       ;
;     -- 4 input functions                    ; 409   ;
;     -- 3 input functions                    ; 85    ;
;     -- <=2 input functions                  ; 38    ;
;                                             ;       ;
; Logic elements by mode                      ;       ;
;     -- normal mode                          ; 524   ;
;     -- arithmetic mode                      ; 8     ;
;                                             ;       ;
; Total registers                             ; 253   ;
;     -- Dedicated logic registers            ; 253   ;
;     -- I/O registers                        ; 0     ;
;                                             ;       ;
; I/O pins                                    ; 270   ;
; Embedded Multiplier 9-bit elements          ; 0     ;
; Maximum fan-out node                        ; Reset ;
; Maximum fan-out                             ; 430   ;
; Total fan-out                               ; 2887  ;
; Average fan-out                             ; 2.74  ;
+---------------------------------------------+-------+


+--------------------------------------------------------------------------------------------------------------------------------------------------------------------------------------------------------------------+
; Analysis & Synthesis Resource Utilization by Entity                                                                                                                                                                ;
+----------------------------------+-------------------+--------------+-------------+--------------+---------+-----------+------+--------------+------------------------------------------------------+--------------+
; Compilation Hierarchy Node       ; LC Combinationals ; LC Registers ; Memory Bits ; DSP Elements ; DSP 9x9 ; DSP 18x18 ; Pins ; Virtual Pins ; Full Hierarchy Name                                  ; Library Name ;
+----------------------------------+-------------------+--------------+-------------+--------------+---------+-----------+------+--------------+------------------------------------------------------+--------------+
; |DES_ALGORITHM                   ; 532 (73)          ; 253 (6)      ; 0           ; 0            ; 0       ; 0         ; 270  ; 0            ; |DES_ALGORITHM                                       ; work         ;
;    |F_FUNCTION:F|                ; 205 (0)           ; 0 (0)        ; 0           ; 0            ; 0       ; 0         ; 0    ; 0            ; |DES_ALGORITHM|F_FUNCTION:F                          ; work         ;
;       |E_XOR_KEY:e_xor_key|      ; 48 (48)           ; 0 (0)        ; 0           ; 0            ; 0       ; 0         ; 0    ; 0            ; |DES_ALGORITHM|F_FUNCTION:F|E_XOR_KEY:e_xor_key      ; work         ;
;       |S_BOX:s_box|              ; 157 (157)         ; 0 (0)        ; 0           ; 0            ; 0       ; 0         ; 0    ; 0            ; |DES_ALGORITHM|F_FUNCTION:F|S_BOX:s_box              ; work         ;
;    |MUX2_1_TOP:MUX1|             ; 32 (32)           ; 0 (0)        ; 0           ; 0            ; 0       ; 0         ; 0    ; 0            ; |DES_ALGORITHM|MUX2_1_TOP:MUX1                       ; work         ;
;    |MUX2_1_TOP:MUX2|             ; 56 (56)           ; 0 (0)        ; 0           ; 0            ; 0       ; 0         ; 0    ; 0            ; |DES_ALGORITHM|MUX2_1_TOP:MUX2                       ; work         ;
;    |REGISTER_TOP:register|       ; 0 (0)             ; 128 (128)    ; 0           ; 0            ; 0       ; 0         ; 0    ; 0            ; |DES_ALGORITHM|REGISTER_TOP:register                 ; work         ;
;    |ROUND_KEY:key|               ; 122 (0)           ; 118 (0)      ; 0           ; 0            ; 0       ; 0         ; 0    ; 0            ; |DES_ALGORITHM|ROUND_KEY:key                         ; work         ;
;       |MUX2_1:MUX1|              ; 48 (48)           ; 0 (0)        ; 0           ; 0            ; 0       ; 0         ; 0    ; 0            ; |DES_ALGORITHM|ROUND_KEY:key|MUX2_1:MUX1             ; work         ;
;       |MUX2_1:MUX2|              ; 48 (48)           ; 0 (0)        ; 0           ; 0            ; 0       ; 0         ; 0    ; 0            ; |DES_ALGORITHM|ROUND_KEY:key|MUX2_1:MUX2             ; work         ;
;       |REGISTER_C0_D0:REGISTER|  ; 9 (9)             ; 112 (112)    ; 0           ; 0            ; 0       ; 0         ; 0    ; 0            ; |DES_ALGORITHM|ROUND_KEY:key|REGISTER_C0_D0:REGISTER ; work         ;
;       |STATE_MACHINE:STATE|      ; 17 (17)           ; 6 (6)        ; 0           ; 0            ; 0       ; 0         ; 0    ; 0            ; |DES_ALGORITHM|ROUND_KEY:key|STATE_MACHINE:STATE     ; work         ;
;    |STATE_MACHINE:state_machine| ; 2 (2)             ; 1 (1)        ; 0           ; 0            ; 0       ; 0         ; 0    ; 0            ; |DES_ALGORITHM|STATE_MACHINE:state_machine           ; work         ;
;    |XOR_FUNCTION:XOR_F_K|        ; 42 (42)           ; 0 (0)        ; 0           ; 0            ; 0       ; 0         ; 0    ; 0            ; |DES_ALGORITHM|XOR_FUNCTION:XOR_F_K                  ; work         ;
+----------------------------------+-------------------+--------------+-------------+--------------+---------+-----------+------+--------------+------------------------------------------------------+--------------+
Note: For table entries with two numbers listed, the numbers in parentheses indicate the number of resources of the given type used by the specific entity alone. The numbers listed outside of parentheses indicate the total resources of the given type used by the specific entity and all of its sub-entities in the hierarchy.


+---------------------------------------------------------------------------------------------------------------------------------+
; User-Specified and Inferred Latches                                                                                             ;
+---------------------------------------------------------+----------------------------------------------+------------------------+
; Latch Name                                              ; Latch Enable Signal                          ; Free of Timing Hazards ;
+---------------------------------------------------------+----------------------------------------------+------------------------+
; ROUND_KEY:key|STATE_MACHINE:STATE|Select_mux_shift_temp ; ROUND_KEY:key|STATE_MACHINE:STATE|Pre_state  ; yes                    ;
; STATE_MACHINE:state_machine|Select_mux_pc_temp          ; STATE_MACHINE:state_machine|Pre_state        ; yes                    ;
; ROUND_KEY:key|STATE_MACHINE:STATE|Select_mux_pc_temp    ; ROUND_KEY:key|STATE_MACHINE:STATE|Pre_state  ; yes                    ;
; ROUND_KEY:key|STATE_MACHINE:STATE|Next_state            ; ROUND_KEY:key|STATE_MACHINE:STATE|Next_state ; yes                    ;
; STATE_MACHINE:state_machine|Next_state                  ; ROUND_KEY:key|STATE_MACHINE:STATE|Next_state ; yes                    ;
; Number of user-specified and inferred latches = 5       ;                                              ;                        ;
+---------------------------------------------------------+----------------------------------------------+------------------------+
Note: All latches listed above may not be present at the end of synthesis due to various synthesis optimizations.


+---------------------------------------------------------------------------------------------------+
; Registers Removed During Synthesis                                                                ;
+----------------------------------------+----------------------------------------------------------+
; Register name                          ; Reason for Removal                                       ;
+----------------------------------------+----------------------------------------------------------+
; STATE_MACHINE:state_machine|Counter[4] ; Merged with ROUND_KEY:key|STATE_MACHINE:STATE|Counter[4] ;
; STATE_MACHINE:state_machine|Counter[3] ; Merged with ROUND_KEY:key|STATE_MACHINE:STATE|Counter[3] ;
; STATE_MACHINE:state_machine|Counter[2] ; Merged with ROUND_KEY:key|STATE_MACHINE:STATE|Counter[2] ;
; STATE_MACHINE:state_machine|Counter[1] ; Merged with ROUND_KEY:key|STATE_MACHINE:STATE|Counter[1] ;
; STATE_MACHINE:state_machine|Counter[0] ; Merged with ROUND_KEY:key|STATE_MACHINE:STATE|Counter[0] ;
; Total Number of Removed Registers = 5  ;                                                          ;
+----------------------------------------+----------------------------------------------------------+


+------------------------------------------------------+
; General Register Statistics                          ;
+----------------------------------------------+-------+
; Statistic                                    ; Value ;
+----------------------------------------------+-------+
; Total registers                              ; 253   ;
; Number of registers using Synchronous Clear  ; 8     ;
; Number of registers using Synchronous Load   ; 8     ;
; Number of registers using Asynchronous Clear ; 253   ;
; Number of registers using Asynchronous Load  ; 0     ;
; Number of registers using Clock Enable       ; 0     ;
; Number of registers using Preset             ; 0     ;
+----------------------------------------------+-------+


+---------------------------------------------------------------------------------------------------------------------------------------------------------------------------------+
; Multiplexer Restructuring Statistics (Restructuring Performed)                                                                                                                  ;
+--------------------+-----------+---------------+----------------------+------------------------+------------+-------------------------------------------------------------------+
; Multiplexer Inputs ; Bus Width ; Baseline Area ; Area if Restructured ; Saving if Restructured ; Registered ; Example Multiplexer Output                                        ;
+--------------------+-----------+---------------+----------------------+------------------------+------------+-------------------------------------------------------------------+
; 3:1                ; 64 bits   ; 128 LEs       ; 128 LEs              ; 0 LEs                  ; Yes        ; |DES_ALGORITHM|REGISTER_TOP:register|Reg_temp[27]                 ;
; 3:1                ; 48 bits   ; 96 LEs        ; 96 LEs               ; 0 LEs                  ; Yes        ; |DES_ALGORITHM|ROUND_KEY:key|REGISTER_C0_D0:REGISTER|Reg_temp[6]  ;
; 4:1                ; 8 bits    ; 16 LEs        ; 16 LEs               ; 0 LEs                  ; Yes        ; |DES_ALGORITHM|ROUND_KEY:key|REGISTER_C0_D0:REGISTER|Reg_temp[18] ;
; 4:1                ; 4 bits    ; 8 LEs         ; 8 LEs                ; 0 LEs                  ; No         ; |DES_ALGORITHM|F_FUNCTION:F|S_BOX:s_box|Mux26                     ;
; 4:1                ; 4 bits    ; 8 LEs         ; 8 LEs                ; 0 LEs                  ; No         ; |DES_ALGORITHM|F_FUNCTION:F|S_BOX:s_box|Mux3                      ;
; 4:1                ; 4 bits    ; 8 LEs         ; 8 LEs                ; 0 LEs                  ; No         ; |DES_ALGORITHM|F_FUNCTION:F|S_BOX:s_box|Mux10                     ;
; 4:1                ; 4 bits    ; 8 LEs         ; 8 LEs                ; 0 LEs                  ; No         ; |DES_ALGORITHM|F_FUNCTION:F|S_BOX:s_box|Mux21                     ;
; 4:1                ; 4 bits    ; 8 LEs         ; 8 LEs                ; 0 LEs                  ; No         ; |DES_ALGORITHM|F_FUNCTION:F|S_BOX:s_box|Mux5                      ;
; 4:1                ; 4 bits    ; 8 LEs         ; 8 LEs                ; 0 LEs                  ; No         ; |DES_ALGORITHM|F_FUNCTION:F|S_BOX:s_box|Mux29                     ;
; 3:1                ; 2 bits    ; 4 LEs         ; 4 LEs                ; 0 LEs                  ; No         ; |DES_ALGORITHM|F_FUNCTION:F|S_BOX:s_box|Mux12                     ;
; 3:1                ; 2 bits    ; 4 LEs         ; 4 LEs                ; 0 LEs                  ; No         ; |DES_ALGORITHM|F_FUNCTION:F|S_BOX:s_box|Mux13                     ;
; 4:1                ; 4 bits    ; 8 LEs         ; 8 LEs                ; 0 LEs                  ; No         ; |DES_ALGORITHM|F_FUNCTION:F|S_BOX:s_box|Mux18                     ;
; 3:1                ; 64 bits   ; 128 LEs       ; 64 LEs               ; 64 LEs                 ; No         ; |DES_ALGORITHM|Cirphertext                                        ;
+--------------------+-----------+---------------+----------------------+------------------------+------------+-------------------------------------------------------------------+


+------------------------------------------------------+
; Port Connectivity Checks: "IP_1:ip_1"                ;
+---------+--------+----------+------------------------+
; Port    ; Type   ; Severity ; Details                ;
+---------+--------+----------+------------------------+
; done_ip ; Output ; Info     ; Explicitly unconnected ;
+---------+--------+----------+------------------------+


+---------------------------------------------------------------+
; Port Connectivity Checks: "ROUND_KEY:key|STATE_MACHINE:STATE" ;
+------------+--------+----------+------------------------------+
; Port       ; Type   ; Severity ; Details                      ;
+------------+--------+----------+------------------------------+
; Pre_state  ; Output ; Info     ; Explicitly unconnected       ;
; Next_state ; Output ; Info     ; Explicitly unconnected       ;
+------------+--------+----------+------------------------------+


+---------------------------------------------------+
; Port Connectivity Checks: "ROUND_KEY:key"         ;
+------+--------+----------+------------------------+
; Port ; Type   ; Severity ; Details                ;
+------+--------+----------+------------------------+
; Done ; Output ; Info     ; Explicitly unconnected ;
+------+--------+----------+------------------------+


+--------------------------------------------------------------------+
; Port Connectivity Checks: "STATE_MACHINE:state_machine"            ;
+-----------------------+--------+----------+------------------------+
; Port                  ; Type   ; Severity ; Details                ;
+-----------------------+--------+----------+------------------------+
; Select_mux_shift_temp ; Output ; Info     ; Explicitly unconnected ;
; Counter               ; Output ; Info     ; Explicitly unconnected ;
; Pre_state             ; Output ; Info     ; Explicitly unconnected ;
; Next_state            ; Output ; Info     ; Explicitly unconnected ;
; Done                  ; Output ; Info     ; Explicitly unconnected ;
+-----------------------+--------+----------+------------------------+


+-------------------------------+
; Elapsed Time Per Partition    ;
+----------------+--------------+
; Partition Name ; Elapsed Time ;
+----------------+--------------+
; Top            ; 00:00:02     ;
+----------------+--------------+


+-------------------------------+
; Analysis & Synthesis Messages ;
+-------------------------------+
Info: *******************************************************************
Info: Running Quartus II 64-Bit Analysis & Synthesis
    Info: Version 13.0.1 Build 232 06/12/2013 Service Pack 1 SJ Web Edition
    Info: Processing started: Thu Dec 04 15:35:46 2025
Info: Command: quartus_map --read_settings_files=on --write_settings_files=off DES_ALGORITHM -c DES_ALGORITHM
Warning (20028): Parallel compilation is not licensed and has been disabled
Info (12021): Found 1 design units, including 1 entities, in source file xor_function.v
    Info (12023): Found entity 1: XOR_FUNCTION
Info (12021): Found 1 design units, including 1 entities, in source file test_state_machine.v
    Info (12023): Found entity 1: Test_state_machine
Info (12021): Found 1 design units, including 1 entities, in source file test_roundkey.v
    Info (12023): Found entity 1: Test_roundkey
Info (12021): Found 1 design units, including 1 entities, in source file test_register.v
    Info (12023): Found entity 1: test_register
Info (12021): Found 1 design units, including 1 entities, in source file test_pc1.v
    Info (12023): Found entity 1: test_pc1
Info (12021): Found 1 design units, including 1 entities, in source file test_mux.v
    Info (12023): Found entity 1: Test_mux
Info (12021): Found 1 design units, including 1 entities, in source file test_f_function.v
    Info (12023): Found entity 1: test_f_function
Info (12021): Found 1 design units, including 1 entities, in source file s_box.v
    Info (12023): Found entity 1: S_BOX
Info (12021): Found 1 design units, including 1 entities, in source file state_machine.v
    Info (12023): Found entity 1: STATE_MACHINE
Info (12021): Found 1 design units, including 1 entities, in source file shift_left_2.v
    Info (12023): Found entity 1: SHIFT_LEFT_2
Info (12021): Found 1 design units, including 1 entities, in source file shift_left_1.v
    Info (12023): Found entity 1: SHIFT_LEFT_1
Info (12021): Found 1 design units, including 1 entities, in source file round_key.v
    Info (12023): Found entity 1: ROUND_KEY
Info (12021): Found 1 design units, including 1 entities, in source file register_top.v
    Info (12023): Found entity 1: REGISTER_TOP
Info (12021): Found 1 design units, including 1 entities, in source file register_c0_d0.v
    Info (12023): Found entity 1: REGISTER_C0_D0
Info (12021): Found 1 design units, including 1 entities, in source file p_matrix.v
    Info (12023): Found entity 1: P_MATRIX
Info (12021): Found 1 design units, including 1 entities, in source file pc_2.v
    Info (12023): Found entity 1: PC_2
Info (12021): Found 1 design units, including 1 entities, in source file pc_1.v
    Info (12023): Found entity 1: PC_1
Info (12021): Found 1 design units, including 1 entities, in source file mux2_1_top.v
    Info (12023): Found entity 1: MUX2_1_TOP
Info (12021): Found 1 design units, including 1 entities, in source file mux2_1.v
    Info (12023): Found entity 1: MUX2_1
Info (12021): Found 1 design units, including 1 entities, in source file ip_1.v
    Info (12023): Found entity 1: IP_1
Info (12021): Found 1 design units, including 1 entities, in source file ip.v
    Info (12023): Found entity 1: IP
Info (12021): Found 0 design units, including 0 entities, in source file f_xor_l0.v
Info (12021): Found 1 design units, including 1 entities, in source file f_function.v
    Info (12023): Found entity 1: F_FUNCTION
Info (12021): Found 1 design units, including 1 entities, in source file e_xor_key.v
    Info (12023): Found entity 1: E_XOR_KEY
Info (12021): Found 1 design units, including 1 entities, in source file e_matrix.v
    Info (12023): Found entity 1: E_MATRIX
Info (12021): Found 1 design units, including 1 entities, in source file des_testbench.v
    Info (12023): Found entity 1: DES_TESTBENCH
Info (12021): Found 1 design units, including 1 entities, in source file des_algorithm.v
    Info (12023): Found entity 1: DES_ALGORITHM
Info (12021): Found 1 design units, including 1 entities, in source file clock_2.v
    Info (12023): Found entity 1: clock_2
Info (12021): Found 1 design units, including 1 entities, in source file ip_1_ver2.v
    Info (12023): Found entity 1: IP_1_ver2
Info (12127): Elaborating entity "DES_ALGORITHM" for the top level hierarchy
Warning (10230): Verilog HDL assignment warning at DES_ALGORITHM.v(71): truncated value with size 32 to match size of target (5)
Info (12128): Elaborating entity "STATE_MACHINE" for hierarchy "STATE_MACHINE:state_machine"
Warning (10230): Verilog HDL assignment warning at STATE_MACHINE.v(50): truncated value with size 32 to match size of target (5)
Warning (10230): Verilog HDL assignment warning at STATE_MACHINE.v(58): truncated value with size 32 to match size of target (1)
Warning (10230): Verilog HDL assignment warning at STATE_MACHINE.v(69): truncated value with size 32 to match size of target (1)
Warning (10230): Verilog HDL assignment warning at STATE_MACHINE.v(95): truncated value with size 32 to match size of target (1)
Warning (10230): Verilog HDL assignment warning at STATE_MACHINE.v(99): truncated value with size 32 to match size of target (1)
Warning (10240): Verilog HDL Always Construct warning at STATE_MACHINE.v(65): inferring latch(es) for variable "Select_mux_pc_temp", which holds its previous value in one or more paths through the always construct
Warning (10240): Verilog HDL Always Construct warning at STATE_MACHINE.v(65): inferring latch(es) for variable "Select_mux_shift_temp", which holds its previous value in one or more paths through the always construct
Warning (10240): Verilog HDL Always Construct warning at STATE_MACHINE.v(65): inferring latch(es) for variable "Next_state", which holds its previous value in one or more paths through the always construct
Info (10041): Inferred latch for "Next_state" at STATE_MACHINE.v(65)
Info (10041): Inferred latch for "Select_mux_shift_temp" at STATE_MACHINE.v(65)
Info (10041): Inferred latch for "Select_mux_pc_temp" at STATE_MACHINE.v(65)
Info (12128): Elaborating entity "IP" for hierarchy "IP:ip"
Info (12128): Elaborating entity "MUX2_1_TOP" for hierarchy "MUX2_1_TOP:MUX1"
Info (12128): Elaborating entity "REGISTER_TOP" for hierarchy "REGISTER_TOP:register"
Info (12128): Elaborating entity "ROUND_KEY" for hierarchy "ROUND_KEY:key"
Info (12128): Elaborating entity "PC_1" for hierarchy "ROUND_KEY:key|PC_1:PC1"
Warning (10230): Verilog HDL assignment warning at PC_1.v(35): truncated value with size 32 to match size of target (28)
Warning (10230): Verilog HDL assignment warning at PC_1.v(36): truncated value with size 32 to match size of target (28)
Info (12128): Elaborating entity "MUX2_1" for hierarchy "ROUND_KEY:key|MUX2_1:MUX1"
Info (12128): Elaborating entity "REGISTER_C0_D0" for hierarchy "ROUND_KEY:key|REGISTER_C0_D0:REGISTER"
Info (12128): Elaborating entity "SHIFT_LEFT_1" for hierarchy "ROUND_KEY:key|SHIFT_LEFT_1:SHIFT1"
Info (12128): Elaborating entity "SHIFT_LEFT_2" for hierarchy "ROUND_KEY:key|SHIFT_LEFT_2:SHIFT2"
Info (12128): Elaborating entity "PC_2" for hierarchy "ROUND_KEY:key|PC_2:PC2"
Info (12128): Elaborating entity "F_FUNCTION" for hierarchy "F_FUNCTION:F"
Info (12128): Elaborating entity "E_MATRIX" for hierarchy "F_FUNCTION:F|E_MATRIX:E"
Info (12128): Elaborating entity "E_XOR_KEY" for hierarchy "F_FUNCTION:F|E_XOR_KEY:e_xor_key"
Info (12128): Elaborating entity "S_BOX" for hierarchy "F_FUNCTION:F|S_BOX:s_box"
Info (12128): Elaborating entity "P_MATRIX" for hierarchy "F_FUNCTION:F|P_MATRIX:p_matrix"
Info (12128): Elaborating entity "XOR_FUNCTION" for hierarchy "XOR_FUNCTION:XOR_F_K"
Info (12128): Elaborating entity "IP_1" for hierarchy "IP_1:ip_1"
Warning (13012): Latch ROUND_KEY:key|STATE_MACHINE:STATE|Next_state has unsafe behavior
    Warning (13013): Ports D and ENA on the latch are fed by the same signal ROUND_KEY:key|STATE_MACHINE:STATE|Counter[4]
Warning (13012): Latch STATE_MACHINE:state_machine|Next_state has unsafe behavior
    Warning (13013): Ports D and ENA on the latch are fed by the same signal ROUND_KEY:key|STATE_MACHINE:STATE|Counter[4]
Info (16010): Generating hard_block partition "hard_block:auto_generated_inst"
    Info (16011): Adding 0 node(s), including 0 DDIO, 0 PLL, 0 transceiver and 0 LCELL
Warning (21074): Design contains 8 input pin(s) that do not drive logic
    Warning (15610): No output dependent on input pin "Key_in[0]"
    Warning (15610): No output dependent on input pin "Key_in[8]"
    Warning (15610): No output dependent on input pin "Key_in[16]"
    Warning (15610): No output dependent on input pin "Key_in[24]"
    Warning (15610): No output dependent on input pin "Key_in[32]"
    Warning (15610): No output dependent on input pin "Key_in[40]"
    Warning (15610): No output dependent on input pin "Key_in[48]"
    Warning (15610): No output dependent on input pin "Key_in[56]"
Info (21057): Implemented 924 device resources after synthesis - the final resource count might be different
    Info (21058): Implemented 131 input pins
    Info (21059): Implemented 139 output pins
    Info (21061): Implemented 654 logic cells
Info: Quartus II 64-Bit Analysis & Synthesis was successful. 0 errors, 25 warnings
    Info: Peak virtual memory: 4618 megabytes
    Info: Processing ended: Thu Dec 04 15:35:50 2025
    Info: Elapsed time: 00:00:04
    Info: Total CPU time (on all processors): 00:00:04


